// Jest Snapshot v1, https://goo.gl/fbAQLP

exports[`COMPONENT - List renders correctly 1`] = `
.c0 {
  padding: 0;
  margin: 0;
  list-style: none;
}

<ul
  className="c0"
/>
`;
