// Jest Snapshot v1, https://goo.gl/fbAQLP

exports[`COMPONENT - Main renders correctly 1`] = `
.c0 {
  margin-top: 6rem;
}

<main
  className="c0"
/>
`;
